// Jest Snapshot v1, https://goo.gl/fbAQLP

exports[`LandingLogo Component LandingLogo renders correctly 1`] = `
<View
  style={
    Object {
      "alignItems": "center",
      "backgroundColor": "#fff",
      "justifyContent": "center",
      "marginBottom": 10,
      "marginTop": 10,
    }
  }
>
  <Text
    style={
      Object {
        "fontSize": 40,
        "margin": 10,
      }
    }
  >
    Task Master
  </Text>
  <
    name="tasks"
    size={60}
  />
</View>
`;
